$ python manage.py shell
Python 3.8.2 (tags/v3.8.2:7b3ab59, Feb 25 2020, 23:03:10) [MSC v.1916 64 bit (AMD64)] on win32Type "help", "copyright", "credits" or "license" for more information.
(InteractiveConsole)>>> from receta.models import Autor,Receta,Comentario 
Traceback (most recent call last):
  File "<console>", line 1, in <module>ModuleNotFoundError: No module named 'receta'
>>> from receta.models import Autor,Receta,Comentario 
Traceback (most recent call last):
  File "<console>", line 1, in <module>
ModuleNotFoundError: No module named 'receta'
>>> a=Autor(nombre='Javier Perez' , email='eperez@mail.com')
Traceback (most recent call last):
  File "<console>", line 1, in <module>
NameError: name 'Autor' is not defined>>> 

Traceback (most recent call last):
  File "<console>", line 1, in <module>
NameError: name 's' is not defined
>>> sTraceback (most recent call last):
  File "<console>", line 1, in <module>
NameError: name 's' is not defined>>> s
Traceback (most recent call last):  File "<console>", line 1, in <module>
NameError: name 's' is not defined

>>> from recetas.models import Autor
>>> from recetas.models import Autor, Receta, Comentario
>>> a= Autor(nombre='Javier Perez', email='eperez@mail.com')
>>> a.save()
>>> Autor.objects.all()
<QuerySet [<Autor: Javier Perez>]>
>>> primer = Autor.objects.get(pk=1)    
env\lib\site-packages\django\db\models\base.py", line 906, in _do_insert
    return manager._insert(
  File "C:\Users\jorch\Downloads\DJANGO APPS\TECSUP-DAE-2021-2\venv\lib\site-packages\django\db\models\manager.py", line 85, in manager_method
    return getattr(self.get_queryset(), name)(*args, **kwargs)
  File "C:\Users\jorch\Downloads\DJANGO APPS\TECSUP-DAE-2021-2\venv\lib\site-packages\django\db\models\query.py", line 1270, in _insert
    return query.get_compiler(using=using).execute_sql(returning_fields)
  File "C:\Users\jorch\Downloads\DJANGO APPS\TECSUP-DAE-2021-2\venv\lib\site-packages\django\db\models\sql\compiler.py", line 1416, in execute_sql
    cursor.execute(sql, params)
  File "C:\Users\jorch\Downloads\DJANGO APPS\TECSUP-DAE-2021-2\venv\lib\site-packages\django\db\backends\utils.py", line 98, in execute
    return super().execute(sql, params)
  File "C:\Users\jorch\Downloads\DJANGO APPS\TECSUP-DAE-2021-2\venv\lib\site-packages\django\db\backends\utils.py", line 66, in execute
    return self._execute_with_wrappers(sql, params, many=False, executor=self._execute)
  File "C:\Users\jorch\Downloads\DJANGO APPS\TECSUP-DAE-2021-2\venv\lib\site-packages\django\db\backends\utils.py", line 75, in _execute_with_wrappers
    return executor(sql, params, many, context)
  File "C:\Users\jorch\Downloads\DJANGO APPS\TECSUP-DAE-2021-2\v  File "C:\Users\jorch\Downloads\DJANGO APPS\TECSUP-DAE-2021-2\venv\lib\site-packages\django\db\backends\utils.py", line 84, in _execute
    return self.cursor.execute(sql, params)  File "C:\Users\jorch\Downloads\DJANGO APPS\TECSUP-DAE-2021-2\venv\lib\site-packages\django\db\backends\mysql\base.py", line 78, in execute
    raise IntegrityError(*tuple(e.args))django.db.utils.IntegrityError: (1048, "Column 'autor_id' cannot be null")>>> r1 = Receta.objects.create( titulo='Huevo frito' , ingredientes='huevo, sal, aceite', preparacion='Calentar la sarten y bla bla bla bla bla bla bla bla bla bla bla bla bla l', autor=primer)
>>> Receta.objects.all()
<QuerySet [<Receta: Huevo frito>]>>>> r2 = Receta.objects.create(titulo='Agua Hervida', ingredientes = 'agua', preparacion='Poner la tetera bla bla bla', autor=primer)
>>> Receta.objects.all<bound method BaseManager.all of <django.db.models.manager.Manager object at 0x00000215DDF10CA0>>
>>> Receta.objects.all()
<QuerySet [<Receta: Huevo frito>, <Receta: Agua Hervida>]>      >>> c1 = Comentario.objects.create(receta=r1,texto='un clasico para el desayuno')
>>> Comentario.objects.all()
<QuerySet [<Comentario: un clasico para el desayuno>]>
>>> c1 = Comentario.objects.create(receta=r2,texto='Agua para la vida jajajajaja')
<Comentario: Agua para la vida jajajajaja>
>>> Comentario.objects.create(receta=r1,texto='para pasar el habmbre') 
<Comentario: para pasar el habmbre>
>>> Comentario.objects.filter(receta=r1).count() 
2
>>> Comentario.objects.filter(receta=r2).count()          
1
>>> c3 = Comentario.objects.create( receta=r2, texto='receta sin sentido') 
>>> c3.delete() 
(1, {'recetas.Comentario': 1})
>>> Comentario.objects.filter(receta=r2) 
<QuerySet [<Comentario: Agua para la vida jajajajaja>]>
>>> Receta.objects.get(titulo='Agua Hervida').autor.nombre
'Javier Perez'
>>> Receta.objects.get(titulo='Agua Hervida').autor.email 
'eperez@mail.com'
>>> Receta.objects.exclude(ingredientes_startwith='A') 
Traceback (most recent call last):
  File "<console>", line 1, in <module>
  File "C:\Users\jorch\Downloads\DJANGO APPS\TECSUP-DAE-2021-2\venv\lib\site-packages\django\db\models\manager.py", line 85, in manager_method
    return getattr(self.get_queryset(), name)(*args, **kwargs)  
  File "C:\Users\jorch\Downloads\DJANGO APPS\TECSUP-DAE-2021-2\venv\lib\site-packages\django\db\models\query.py", line 949, in exclude
    return self._filter_or_exclude(True, args, kwargs)
  File "C:\Users\jorch\Downloads\DJANGO APPS\TECSUP-DAE-2021-2\venv\lib\site-packages\django\db\models\query.py", line 961, in _filter_or_exclude
    clone._filter_or_exclude_inplace(negate, args, kwargs)      
  File "C:\Users\jorch\Downloads\DJANGO APPS\TECSUP-DAE-2021-2\venv\lib\site-packages\django\db\models\query.py", line 966, in _filter_or_exclude_inplace
    self._query.add_q(~Q(*args, **kwargs))
  File "C:\Users\jorch\Downloads\DJANGO APPS\TECSUP-DAE-2021-2\venv\lib\site-packages\django\db\models\sql\query.py", line 1393, in add_q
    clause, _ = self._add_q(q_object, self.used_aliases)        
  File "C:\Users\jorch\Downloads\DJANGO APPS\TECSUP-DAE-2021-2\venv\lib\site-packages\django\db\models\sql\query.py", line 1412, in _add_q
    child_clause, needed_inner = self.build_filter(
  File "C:\Users\jorch\Downloads\DJANGO APPS\TECSUP-DAE-2021-2\venv\lib\site-packages\django\db\models\sql\query.py", line 1286, in build_filter
    lookups, parts, reffed_expression = self.solve_lookup_type(arg)
  File "C:\Users\jorch\Downloads\DJANGO APPS\TECSUP-DAE-2021-2\venv\lib\site-packages\django\db\models\sql\query.py", line 1112, in solve_lookup_type
    _, field, _, lookup_parts = self.names_to_path(lookup_splitted, self.get_meta())
  File "C:\Users\jorch\Downloads\DJANGO APPS\TECSUP-DAE-2021-2\venv\lib\site-packages\django\db\models\sql\query.py", line 1539, in names_to_path
    raise FieldError("Cannot resolve keyword '%s' into field. " 
django.core.exceptions.FieldError: Cannot resolve keyword 'ingredientes_startwith' into field. Choices are: autor, autor_id, comentario, id, ingredientes, preparacion, tiempo_registro, titulo 
>>> Receta.objects.filter(ingredientes__startwith='A') 
Traceback (most recent call last):
  File "<console>", line 1, in <module>
  File "C:\Users\jorch\Downloads\DJANGO APPS\TECSUP-DAE-2021-2\venv\lib\site-packages\django\db\models\manager.py", line 85, in manager_method
    return getattr(self.get_queryset(), name)(*args, **kwargs)  
  File "C:\Users\jorch\Downloads\DJANGO APPS\TECSUP-DAE-2021-2\venv\lib\site-packages\django\db\models\query.py", line 941, in filter
    return self._filter_or_exclude(False, args, kwargs)
  File "C:\Users\jorch\Downloads\DJANGO APPS\TECSUP-DAE-2021-2\venv\lib\site-packages\django\db\models\query.py", line 961, in _filter_or_exclude
    clone._filter_or_exclude_inplace(negate, args, kwargs)      
  File "C:\Users\jorch\Downloads\DJANGO APPS\TECSUP-DAE-2021-2\venv\lib\site-packages\django\db\models\query.py", line 968, in _filter_or_exclude_inplace
    self._query.add_q(Q(*args, **kwargs))
  File "C:\Users\jorch\Downloads\DJANGO APPS\TECSUP-DAE-2021-2\venv\lib\site-packages\django\db\models\sql\query.py", line 1393, in add_q
    clause, _ = self._add_q(q_object, self.used_aliases)        
  File "C:\Users\jorch\Downloads\DJANGO APPS\TECSUP-DAE-2021-2\venv\lib\site-packages\django\db\models\sql\query.py", line 1412, in _add_q
    child_clause, needed_inner = self.build_filter(
  File "C:\Users\jorch\Downloads\DJANGO APPS\TECSUP-DAE-2021-2\venv\lib\site-packages\django\db\models\sql\query.py", line 1347, in build_filter
    condition = self.build_lookup(lookups, col, value)
  File "C:\Users\jorch\Downloads\DJANGO APPS\TECSUP-DAE-2021-2\venv\lib\site-packages\django\db\models\sql\query.py", line 1187, in build_lookup
    lhs = self.try_transform(lhs, lookup_name)
  File "C:\Users\jorch\Downloads\DJANGO APPS\TECSUP-DAE-2021-2\venv\lib\site-packages\django\db\models\sql\query.py", line 1226, in try_transform
    raise FieldError(
django.core.exceptions.FieldError: Unsupported lookup 'startwith' for TextField or join on the field not permitted, perhaps you meant startswith or istartswith?
>>> Receta.objects.exclude(ingredientes__startswith='A')  
<QuerySet [<Receta: Huevo frito>, <Receta: Agua Hervida>]>
>>> Receta.objects.exclude(preparacion__contains='tetera')  
<QuerySet [<Receta: Huevo frito>]>
>>> Receta.objects.all().order_by('titulo')
<QuerySet [<Receta: Agua Hervida>, <Receta: Huevo frito>]>
>>> Receta.objects.all().order_by('titulo').reverse()
<QuerySet [<Receta: Huevo frito>, <Receta: Agua Hervida>]>
>>> Comentario.objects.filter(receta=r1) 
<QuerySet [<Comentario: un clasico para el desayuno>, <Comentario: para pasar el habmbre>]>
>>> Comentario.objects.filter(receta=r2) 
<QuerySet [<Comentario: Agua para la vida jajajajaja>]>
>>> Receta.objects.filter(titulo='Huevo frito').update(titulo='Huevito frito') 
1
>>> Receta.objects.all()
<QuerySet [<Receta: Huevito frito>, <Receta: Agua Hervida>]>
>>>